{
  "name": "cat_trap",
  "src": "/Users/myasnov/lab4_csa_v2/lab_implementation/examples/cat_trap.alg",
  "ticks": 200,
  "data_words": 1024,
  "schedule": "/Users/myasnov/lab4_csa_v2/lab_implementation/examples/cat.input"
}