t=0 pc=0 phase=FETCH_IR T=0 S=0 AR=0 zero=1 sign=0 in_isr=0
t=1 pc=0 phase=LATCH_PC T=0 S=0 AR=0 zero=1 sign=0 in_isr=0
t=2 pc=1 phase=EXEC T=0 S=0 AR=0 zero=1 sign=0 in_isr=0
t=3 pc=25 phase=FETCH_IR T=0 S=0 AR=0 zero=1 sign=0 in_isr=0
t=4 pc=1 phase=FETCH_IR T=0 S=0 AR=0 zero=1 sign=0 in_isr=1
t=5 pc=1 phase=LATCH_PC T=0 S=0 AR=0 zero=1 sign=0 in_isr=1
t=6 pc=2 phase=EXEC T=0 S=0 AR=0 zero=1 sign=0 in_isr=1
t=7 pc=8 phase=FETCH_IR T=0 S=0 AR=0 zero=1 sign=0 in_isr=1
t=8 pc=8 phase=LATCH_PC T=0 S=0 AR=0 zero=1 sign=0 in_isr=1
t=9 pc=9 phase=EXEC T=0 S=0 AR=0 zero=1 sign=0 in_isr=1
t=10 pc=9 phase=EXEC T=0 S=0 AR=0 zero=1 sign=0 in_isr=1
t=11 pc=9 phase=FETCH_IR T=65 S=0 AR=0 zero=0 sign=0 in_isr=1
t=12 pc=9 phase=LATCH_PC T=65 S=0 AR=0 zero=0 sign=0 in_isr=1
t=13 pc=10 phase=EXEC T=65 S=0 AR=0 zero=0 sign=0 in_isr=1
t=14 pc=10 phase=FETCH_IR T=0 S=65 AR=0 zero=1 sign=0 in_isr=1
t=15 pc=10 phase=LATCH_PC T=0 S=65 AR=0 zero=1 sign=0 in_isr=1
t=16 pc=11 phase=EXEC T=0 S=65 AR=0 zero=1 sign=0 in_isr=1
t=17 pc=11 phase=EXEC T=65 S=0 AR=0 zero=0 sign=0 in_isr=1
t=18 pc=11 phase=EXEC T=0 S=0 AR=0 zero=1 sign=0 in_isr=1
t=19 pc=11 phase=FETCH_IR T=0 S=0 AR=0 zero=1 sign=0 in_isr=1
t=20 pc=11 phase=LATCH_PC T=0 S=0 AR=0 zero=1 sign=0 in_isr=1
t=21 pc=12 phase=EXEC T=0 S=0 AR=0 zero=1 sign=0 in_isr=1
t=22 pc=12 phase=FETCH_IR T=0 S=0 AR=0 zero=1 sign=0 in_isr=1
t=23 pc=12 phase=LATCH_PC T=0 S=0 AR=0 zero=1 sign=0 in_isr=1
t=24 pc=13 phase=EXEC T=0 S=0 AR=0 zero=1 sign=0 in_isr=1
t=25 pc=13 phase=EXEC T=0 S=0 AR=0 zero=1 sign=0 in_isr=1
t=26 pc=13 phase=EXEC T=0 S=0 AR=0 zero=1 sign=0 in_isr=1
t=27 pc=13 phase=FETCH_IR T=65 S=0 AR=0 zero=0 sign=0 in_isr=1
t=28 pc=13 phase=LATCH_PC T=65 S=0 AR=0 zero=0 sign=0 in_isr=1
t=29 pc=14 phase=EXEC T=65 S=0 AR=0 zero=0 sign=0 in_isr=1
t=30 pc=14 phase=FETCH_IR T=0 S=65 AR=0 zero=1 sign=0 in_isr=1
t=31 pc=14 phase=LATCH_PC T=0 S=65 AR=0 zero=1 sign=0 in_isr=1
t=32 pc=15 phase=EXEC T=0 S=65 AR=0 zero=1 sign=0 in_isr=1
t=33 pc=15 phase=EXEC T=0 S=65 AR=0 zero=0 sign=0 in_isr=1
t=34 pc=15 phase=EXEC T=65 S=0 AR=0 zero=0 sign=0 in_isr=1
t=35 pc=15 phase=FETCH_IR T=65 S=0 AR=0 zero=0 sign=0 in_isr=1
t=36 pc=15 phase=LATCH_PC T=65 S=0 AR=0 zero=0 sign=0 in_isr=1
t=37 pc=16 phase=EXEC T=65 S=0 AR=0 zero=0 sign=0 in_isr=1
t=38 pc=16 phase=FETCH_IR T=0 S=0 AR=0 zero=1 sign=0 in_isr=1
t=39 pc=16 phase=LATCH_PC T=0 S=0 AR=0 zero=1 sign=0 in_isr=1
t=40 pc=17 phase=EXEC T=0 S=0 AR=0 zero=1 sign=0 in_isr=1
t=41 pc=17 phase=FETCH_IR T=0 S=0 AR=0 zero=1 sign=0 in_isr=1
t=42 pc=17 phase=LATCH_PC T=0 S=0 AR=0 zero=1 sign=0 in_isr=1
t=43 pc=18 phase=EXEC T=0 S=0 AR=0 zero=1 sign=0 in_isr=1
t=44 pc=19 phase=FETCH_IR T=0 S=0 AR=0 zero=1 sign=0 in_isr=1
t=45 pc=19 phase=LATCH_PC T=0 S=0 AR=0 zero=1 sign=0 in_isr=1
t=46 pc=20 phase=EXEC T=0 S=0 AR=0 zero=1 sign=0 in_isr=1
t=47 pc=21 phase=FETCH_IR T=0 S=0 AR=0 zero=1 sign=0 in_isr=1
t=48 pc=21 phase=LATCH_PC T=0 S=0 AR=0 zero=1 sign=0 in_isr=1
t=49 pc=22 phase=EXEC T=0 S=0 AR=0 zero=1 sign=0 in_isr=1
t=50 pc=22 phase=FETCH_IR T=0 S=0 AR=0 zero=1 sign=0 in_isr=1
t=51 pc=22 phase=LATCH_PC T=0 S=0 AR=0 zero=1 sign=0 in_isr=1
t=52 pc=23 phase=EXEC T=0 S=0 AR=0 zero=1 sign=0 in_isr=1
t=53 pc=23 phase=EXEC T=0 S=0 AR=0 zero=1 sign=0 in_isr=1
t=54 pc=23 phase=EXEC T=0 S=0 AR=0 zero=1 sign=0 in_isr=1
t=55 pc=23 phase=FETCH_IR T=65 S=0 AR=0 zero=0 sign=0 in_isr=1
t=56 pc=23 phase=LATCH_PC T=65 S=0 AR=0 zero=0 sign=0 in_isr=1
t=57 pc=24 phase=EXEC T=65 S=0 AR=0 zero=0 sign=0 in_isr=1
t=58 pc=24 phase=EXEC T=0 S=0 AR=0 zero=1 sign=0 in_isr=1
t=59 pc=24 phase=FETCH_IR T=0 S=0 AR=0 zero=1 sign=0 in_isr=1
t=60 pc=24 phase=LATCH_PC T=0 S=0 AR=0 zero=1 sign=0 in_isr=1
t=61 pc=25 phase=EXEC T=0 S=0 AR=0 zero=1 sign=0 in_isr=1
t=62 pc=25 phase=FETCH_IR T=0 S=0 AR=0 zero=1 sign=0 in_isr=0
t=63 pc=25 phase=LATCH_PC T=0 S=0 AR=0 zero=1 sign=0 in_isr=0
t=64 pc=26 phase=EXEC T=0 S=0 AR=0 zero=1 sign=0 in_isr=0
t=65 pc=26 phase=FETCH_IR T=0 S=0 AR=0 zero=1 sign=0 in_isr=0
t=66 pc=26 phase=LATCH_PC T=0 S=0 AR=0 zero=1 sign=0 in_isr=0
t=67 pc=27 phase=EXEC T=0 S=0 AR=0 zero=1 sign=0 in_isr=0
t=68 pc=27 phase=FETCH_IR T=1 S=0 AR=0 zero=0 sign=0 in_isr=0
t=69 pc=27 phase=LATCH_PC T=1 S=0 AR=0 zero=0 sign=0 in_isr=0
t=70 pc=28 phase=EXEC T=1 S=0 AR=0 zero=0 sign=0 in_isr=0
t=71 pc=28 phase=FETCH_IR T=0 S=0 AR=0 zero=1 sign=0 in_isr=0
t=72 pc=28 phase=LATCH_PC T=0 S=0 AR=0 zero=1 sign=0 in_isr=0
t=73 pc=29 phase=EXEC T=0 S=0 AR=0 zero=1 sign=0 in_isr=0
t=74 pc=26 phase=FETCH_IR T=0 S=0 AR=0 zero=1 sign=0 in_isr=0
t=75 pc=26 phase=LATCH_PC T=0 S=0 AR=0 zero=1 sign=0 in_isr=0
t=76 pc=27 phase=EXEC T=0 S=0 AR=0 zero=1 sign=0 in_isr=0
t=77 pc=27 phase=FETCH_IR T=1 S=0 AR=0 zero=0 sign=0 in_isr=0
t=78 pc=27 phase=LATCH_PC T=1 S=0 AR=0 zero=0 sign=0 in_isr=0
t=79 pc=28 phase=EXEC T=1 S=0 AR=0 zero=0 sign=0 in_isr=0
t=80 pc=28 phase=FETCH_IR T=0 S=0 AR=0 zero=1 sign=0 in_isr=0
t=81 pc=28 phase=LATCH_PC T=0 S=0 AR=0 zero=1 sign=0 in_isr=0
t=82 pc=29 phase=EXEC T=0 S=0 AR=0 zero=1 sign=0 in_isr=0
t=83 pc=26 phase=FETCH_IR T=0 S=0 AR=0 zero=1 sign=0 in_isr=0
t=84 pc=26 phase=LATCH_PC T=0 S=0 AR=0 zero=1 sign=0 in_isr=0
t=85 pc=27 phase=EXEC T=0 S=0 AR=0 zero=1 sign=0 in_isr=0
t=86 pc=27 phase=FETCH_IR T=1 S=0 AR=0 zero=0 sign=0 in_isr=0
t=87 pc=27 phase=LATCH_PC T=1 S=0 AR=0 zero=0 sign=0 in_isr=0
t=88 pc=28 phase=EXEC T=1 S=0 AR=0 zero=0 sign=0 in_isr=0
t=89 pc=28 phase=FETCH_IR T=0 S=0 AR=0 zero=1 sign=0 in_isr=0
t=90 pc=28 phase=LATCH_PC T=0 S=0 AR=0 zero=1 sign=0 in_isr=0
t=91 pc=29 phase=EXEC T=0 S=0 AR=0 zero=1 sign=0 in_isr=0
t=92 pc=26 phase=FETCH_IR T=0 S=0 AR=0 zero=1 sign=0 in_isr=0
t=93 pc=26 phase=LATCH_PC T=0 S=0 AR=0 zero=1 sign=0 in_isr=0
t=94 pc=27 phase=EXEC T=0 S=0 AR=0 zero=1 sign=0 in_isr=0
t=95 pc=27 phase=FETCH_IR T=1 S=0 AR=0 zero=0 sign=0 in_isr=0
t=96 pc=27 phase=LATCH_PC T=1 S=0 AR=0 zero=0 sign=0 in_isr=0
t=97 pc=28 phase=EXEC T=1 S=0 AR=0 zero=0 sign=0 in_isr=0
t=98 pc=28 phase=FETCH_IR T=0 S=0 AR=0 zero=1 sign=0 in_isr=0
t=99 pc=28 phase=LATCH_PC T=0 S=0 AR=0 zero=1 sign=0 in_isr=0
t=100 pc=29 phase=EXEC T=0 S=0 AR=0 zero=1 sign=0 in_isr=0
t=101 pc=26 phase=FETCH_IR T=0 S=0 AR=0 zero=1 sign=0 in_isr=0
t=102 pc=26 phase=LATCH_PC T=0 S=0 AR=0 zero=1 sign=0 in_isr=0
t=103 pc=27 phase=EXEC T=0 S=0 AR=0 zero=1 sign=0 in_isr=0
t=104 pc=27 phase=FETCH_IR T=1 S=0 AR=0 zero=0 sign=0 in_isr=0
t=105 pc=27 phase=LATCH_PC T=1 S=0 AR=0 zero=0 sign=0 in_isr=0
t=106 pc=28 phase=EXEC T=1 S=0 AR=0 zero=0 sign=0 in_isr=0
t=107 pc=28 phase=FETCH_IR T=0 S=0 AR=0 zero=1 sign=0 in_isr=0
t=108 pc=28 phase=LATCH_PC T=0 S=0 AR=0 zero=1 sign=0 in_isr=0
t=109 pc=29 phase=EXEC T=0 S=0 AR=0 zero=1 sign=0 in_isr=0
t=110 pc=26 phase=FETCH_IR T=0 S=0 AR=0 zero=1 sign=0 in_isr=0
t=111 pc=26 phase=LATCH_PC T=0 S=0 AR=0 zero=1 sign=0 in_isr=0
t=112 pc=27 phase=EXEC T=0 S=0 AR=0 zero=1 sign=0 in_isr=0
t=113 pc=27 phase=FETCH_IR T=1 S=0 AR=0 zero=0 sign=0 in_isr=0
t=114 pc=27 phase=LATCH_PC T=1 S=0 AR=0 zero=0 sign=0 in_isr=0
t=115 pc=28 phase=EXEC T=1 S=0 AR=0 zero=0 sign=0 in_isr=0
t=116 pc=28 phase=FETCH_IR T=0 S=0 AR=0 zero=1 sign=0 in_isr=0
t=117 pc=28 phase=LATCH_PC T=0 S=0 AR=0 zero=1 sign=0 in_isr=0
t=118 pc=29 phase=EXEC T=0 S=0 AR=0 zero=1 sign=0 in_isr=0
t=119 pc=26 phase=FETCH_IR T=0 S=0 AR=0 zero=1 sign=0 in_isr=0
t=120 pc=26 phase=LATCH_PC T=0 S=0 AR=0 zero=1 sign=0 in_isr=0
t=121 pc=27 phase=EXEC T=0 S=0 AR=0 zero=1 sign=0 in_isr=0
t=122 pc=27 phase=FETCH_IR T=1 S=0 AR=0 zero=0 sign=0 in_isr=0
t=123 pc=27 phase=LATCH_PC T=1 S=0 AR=0 zero=0 sign=0 in_isr=0
t=124 pc=28 phase=EXEC T=1 S=0 AR=0 zero=0 sign=0 in_isr=0
t=125 pc=28 phase=FETCH_IR T=0 S=0 AR=0 zero=1 sign=0 in_isr=0
t=126 pc=28 phase=LATCH_PC T=0 S=0 AR=0 zero=1 sign=0 in_isr=0
t=127 pc=29 phase=EXEC T=0 S=0 AR=0 zero=1 sign=0 in_isr=0
t=128 pc=26 phase=FETCH_IR T=0 S=0 AR=0 zero=1 sign=0 in_isr=0
t=129 pc=26 phase=LATCH_PC T=0 S=0 AR=0 zero=1 sign=0 in_isr=0
t=130 pc=27 phase=EXEC T=0 S=0 AR=0 zero=1 sign=0 in_isr=0
t=131 pc=27 phase=FETCH_IR T=1 S=0 AR=0 zero=0 sign=0 in_isr=0
t=132 pc=27 phase=LATCH_PC T=1 S=0 AR=0 zero=0 sign=0 in_isr=0
t=133 pc=28 phase=EXEC T=1 S=0 AR=0 zero=0 sign=0 in_isr=0
t=134 pc=28 phase=FETCH_IR T=0 S=0 AR=0 zero=1 sign=0 in_isr=0
t=135 pc=28 phase=LATCH_PC T=0 S=0 AR=0 zero=1 sign=0 in_isr=0
t=136 pc=29 phase=EXEC T=0 S=0 AR=0 zero=1 sign=0 in_isr=0
t=137 pc=26 phase=FETCH_IR T=0 S=0 AR=0 zero=1 sign=0 in_isr=0
t=138 pc=26 phase=LATCH_PC T=0 S=0 AR=0 zero=1 sign=0 in_isr=0
t=139 pc=27 phase=EXEC T=0 S=0 AR=0 zero=1 sign=0 in_isr=0
t=140 pc=27 phase=FETCH_IR T=1 S=0 AR=0 zero=0 sign=0 in_isr=0
t=141 pc=27 phase=LATCH_PC T=1 S=0 AR=0 zero=0 sign=0 in_isr=0
t=142 pc=28 phase=EXEC T=1 S=0 AR=0 zero=0 sign=0 in_isr=0
t=143 pc=28 phase=FETCH_IR T=0 S=0 AR=0 zero=1 sign=0 in_isr=0
t=144 pc=28 phase=LATCH_PC T=0 S=0 AR=0 zero=1 sign=0 in_isr=0
t=145 pc=29 phase=EXEC T=0 S=0 AR=0 zero=1 sign=0 in_isr=0
t=146 pc=26 phase=FETCH_IR T=0 S=0 AR=0 zero=1 sign=0 in_isr=0
t=147 pc=26 phase=LATCH_PC T=0 S=0 AR=0 zero=1 sign=0 in_isr=0
t=148 pc=27 phase=EXEC T=0 S=0 AR=0 zero=1 sign=0 in_isr=0
t=149 pc=27 phase=FETCH_IR T=1 S=0 AR=0 zero=0 sign=0 in_isr=0
t=150 pc=27 phase=LATCH_PC T=1 S=0 AR=0 zero=0 sign=0 in_isr=0
t=151 pc=28 phase=EXEC T=1 S=0 AR=0 zero=0 sign=0 in_isr=0
t=152 pc=28 phase=FETCH_IR T=0 S=0 AR=0 zero=1 sign=0 in_isr=0
t=153 pc=28 phase=LATCH_PC T=0 S=0 AR=0 zero=1 sign=0 in_isr=0
t=154 pc=29 phase=EXEC T=0 S=0 AR=0 zero=1 sign=0 in_isr=0
t=155 pc=26 phase=FETCH_IR T=0 S=0 AR=0 zero=1 sign=0 in_isr=0
t=156 pc=26 phase=LATCH_PC T=0 S=0 AR=0 zero=1 sign=0 in_isr=0
t=157 pc=27 phase=EXEC T=0 S=0 AR=0 zero=1 sign=0 in_isr=0
t=158 pc=27 phase=FETCH_IR T=1 S=0 AR=0 zero=0 sign=0 in_isr=0
t=159 pc=27 phase=LATCH_PC T=1 S=0 AR=0 zero=0 sign=0 in_isr=0
t=160 pc=28 phase=EXEC T=1 S=0 AR=0 zero=0 sign=0 in_isr=0
t=161 pc=28 phase=FETCH_IR T=0 S=0 AR=0 zero=1 sign=0 in_isr=0
t=162 pc=28 phase=LATCH_PC T=0 S=0 AR=0 zero=1 sign=0 in_isr=0
t=163 pc=29 phase=EXEC T=0 S=0 AR=0 zero=1 sign=0 in_isr=0
t=164 pc=26 phase=FETCH_IR T=0 S=0 AR=0 zero=1 sign=0 in_isr=0
t=165 pc=26 phase=LATCH_PC T=0 S=0 AR=0 zero=1 sign=0 in_isr=0
t=166 pc=27 phase=EXEC T=0 S=0 AR=0 zero=1 sign=0 in_isr=0
t=167 pc=27 phase=FETCH_IR T=1 S=0 AR=0 zero=0 sign=0 in_isr=0
t=168 pc=27 phase=LATCH_PC T=1 S=0 AR=0 zero=0 sign=0 in_isr=0
t=169 pc=28 phase=EXEC T=1 S=0 AR=0 zero=0 sign=0 in_isr=0
t=170 pc=28 phase=FETCH_IR T=0 S=0 AR=0 zero=1 sign=0 in_isr=0
t=171 pc=28 phase=LATCH_PC T=0 S=0 AR=0 zero=1 sign=0 in_isr=0
t=172 pc=29 phase=EXEC T=0 S=0 AR=0 zero=1 sign=0 in_isr=0
t=173 pc=26 phase=FETCH_IR T=0 S=0 AR=0 zero=1 sign=0 in_isr=0
t=174 pc=26 phase=LATCH_PC T=0 S=0 AR=0 zero=1 sign=0 in_isr=0
t=175 pc=27 phase=EXEC T=0 S=0 AR=0 zero=1 sign=0 in_isr=0
t=176 pc=27 phase=FETCH_IR T=1 S=0 AR=0 zero=0 sign=0 in_isr=0
t=177 pc=27 phase=LATCH_PC T=1 S=0 AR=0 zero=0 sign=0 in_isr=0
t=178 pc=28 phase=EXEC T=1 S=0 AR=0 zero=0 sign=0 in_isr=0
t=179 pc=28 phase=FETCH_IR T=0 S=0 AR=0 zero=1 sign=0 in_isr=0
t=180 pc=28 phase=LATCH_PC T=0 S=0 AR=0 zero=1 sign=0 in_isr=0
t=181 pc=29 phase=EXEC T=0 S=0 AR=0 zero=1 sign=0 in_isr=0
t=182 pc=26 phase=FETCH_IR T=0 S=0 AR=0 zero=1 sign=0 in_isr=0
t=183 pc=26 phase=LATCH_PC T=0 S=0 AR=0 zero=1 sign=0 in_isr=0
t=184 pc=27 phase=EXEC T=0 S=0 AR=0 zero=1 sign=0 in_isr=0
t=185 pc=27 phase=FETCH_IR T=1 S=0 AR=0 zero=0 sign=0 in_isr=0
t=186 pc=27 phase=LATCH_PC T=1 S=0 AR=0 zero=0 sign=0 in_isr=0
t=187 pc=28 phase=EXEC T=1 S=0 AR=0 zero=0 sign=0 in_isr=0
t=188 pc=28 phase=FETCH_IR T=0 S=0 AR=0 zero=1 sign=0 in_isr=0
t=189 pc=28 phase=LATCH_PC T=0 S=0 AR=0 zero=1 sign=0 in_isr=0
t=190 pc=29 phase=EXEC T=0 S=0 AR=0 zero=1 sign=0 in_isr=0
t=191 pc=26 phase=FETCH_IR T=0 S=0 AR=0 zero=1 sign=0 in_isr=0
t=192 pc=26 phase=LATCH_PC T=0 S=0 AR=0 zero=1 sign=0 in_isr=0
t=193 pc=27 phase=EXEC T=0 S=0 AR=0 zero=1 sign=0 in_isr=0
t=194 pc=27 phase=FETCH_IR T=1 S=0 AR=0 zero=0 sign=0 in_isr=0
t=195 pc=27 phase=LATCH_PC T=1 S=0 AR=0 zero=0 sign=0 in_isr=0
t=196 pc=28 phase=EXEC T=1 S=0 AR=0 zero=0 sign=0 in_isr=0
t=197 pc=28 phase=FETCH_IR T=0 S=0 AR=0 zero=1 sign=0 in_isr=0
t=198 pc=28 phase=LATCH_PC T=0 S=0 AR=0 zero=1 sign=0 in_isr=0
t=199 pc=29 phase=EXEC T=0 S=0 AR=0 zero=1 sign=0 in_isr=0
