{
  "name": "hello_user_name",
  "src": "/Users/myasnov/lab4_csa_v2/lab_implementation/examples/hello_user_name.alg",
  "ticks": 8000,
  "data_words": 1024,
  "schedule": "/Users/myasnov/lab4_csa_v2/lab_implementation/examples/hello_user_name.input"
}