CH| Enter the first 64-bit integer:Enter the second 64-bit integer:
L|  12884901891
