{
  "name": "prob2",
  "src": "/Users/myasnov/lab4_csa_v2/lab_implementation/examples/prob2.alg",
  "ticks": 4000,
  "data_words": 1024,
  "schedule": "/Users/myasnov/lab4_csa_v2/lab_implementation/examples/prob2.input"
}