{
  "name": "sort",
  "src": "/Users/myasnov/lab4_csa_v2/lab_implementation/examples/sort.alg",
  "ticks": 120000,
  "data_words": 1024,
  "schedule": "/Users/myasnov/lab4_csa_v2/lab_implementation/examples/sort.input"
}