1 1 5
2 1 \n
3 1 5
4 1 \n
5 1 1
6 1 \n
7 1 4
8 1 \n
9 1 2
10 1 \n
11 1 3
12 1 \n
